[0;36m==> [1;39mCleaning…[m
[1;31m> [1;3;39mMaking clean in App…[m
[0;36m==> [1;39mCleaning…[m
[1;31m> [1;3;39mMaking clean in FilterData…[m
[0;36m==> [1;39mCleaning…[m
[1;31m> [1;3;39mMaking clean in FilterControl…[m
[0;36m==> [1;39mCleaning…[m
[1;31m> [1;3;39mMaking all in App…[m
[1;31m> [1;3;39mMaking all for application NetShield…[m
[0;35m==> [1;39mCopying resource directories into the application wrapper…[m
[0;32m==> [1;39mCompiling ../Shared/NSPolicy.m (arm64)…[m
[0;32m==> [1;39mCompiling ../Shared/NSStore.m (arm64)…[m
[0;32m==> [1;39mCompiling main.m (arm64)…[m
[0;33m==> [1;39mLinking application NetShield (arm64)…[m
ld: warning: -multiply_defined is obsolete
[0;34m==> [1;39mGenerating debug symbols for NetShield…[m
[0;34m==> [1;39mStripping NetShield (arm64)…[m
[0;34m==> [1;39mSigning NetShield…[m
[1;31m> [1;3;39mMaking all in FilterData…[m
[1;31m> [1;3;39mMaking all for appex NetShieldData…[m
[0;35m==> [1;39mCopying resource directories into the appex wrapper…[m
[0;32m==> [1;39mCompiling FilterDataProvider.m (arm64)…[m
[0;32m==> [1;39mCompiling ../Shared/NSPolicy.m (arm64)…[m
[0;32m==> [1;39mCompiling ../Shared/NSStore.m (arm64)…[m
[0;33m==> [1;39mLinking appex NetShieldData (arm64)…[m
ld: warning: -multiply_defined is obsolete
[0;34m==> [1;39mGenerating debug symbols for NetShieldData…[m
[0;34m==> [1;39mStripping NetShieldData (arm64)…[m
[0;34m==> [1;39mSigning NetShieldData…[m
[1;31m> [1;3;39mMaking all in FilterControl…[m
[1;31m> [1;3;39mMaking all for appex NetShieldControl…[m
[0;35m==> [1;39mCopying resource directories into the appex wrapper…[m
[0;32m==> [1;39mCompiling ../Shared/NSStore.m (arm64)…[m
[0;32m==> [1;39mCompiling ../Shared/NSPolicy.m (arm64)…[m
[0;32m==> [1;39mCompiling ../Shared/NSPermissionQueue.m (arm64)…[m
[0;32m==> [1;39mCompiling FilterControlProvider.m (arm64)…[m
[0;33m==> [1;39mLinking appex NetShieldControl (arm64)…[m
ld: warning: -multiply_defined is obsolete
[0;34m==> [1;39mGenerating debug symbols for NetShieldControl…[m
[0;34m==> [1;39mStripping NetShieldControl (arm64)…[m
[0;34m==> [1;39mSigning NetShieldControl…[m
[1;31m> [1;3;39mMaking stage in App…[m
[1;31m> [1;3;39mMaking stage for application NetShield…[m
[1;31m> [1;3;39mMaking stage in FilterData…[m
[1;31m> [1;3;39mMaking stage for appex NetShieldData…[m
[1;31m> [1;3;39mMaking stage in FilterControl…[m
[1;31m> [1;3;39mMaking stage for appex NetShieldControl…[m
chmod 755 "/Users/runner/work/NetShieldv2/NetShieldv2/.theos/_/DEBIAN/postinst" "/Users/runner/work/NetShieldv2/NetShieldv2/.theos/_/DEBIAN/prerm"
dm.pl: building package `com.eolnmsuk.netshield:iphoneos-arm64' in `./packages/com.eolnmsuk.netshield_2.0.0~alpha3_iphoneos-arm64.deb'
python3 scripts/validate.py --stage "/Users/runner/work/NetShieldv2/NetShieldv2/.theos/_"
Validated rootless app, embedded providers, arm64 binaries and package scope
